// Jest Snapshot v1, https://goo.gl/fbAQLP

exports[`<RoundedButton /> should match snapshot 1`] = `
<View>
  <View
    accessible={true}
    focusable={true}
    onClick={[Function]}
    onResponderGrant={[Function]}
    onResponderMove={[Function]}
    onResponderRelease={[Function]}
    onResponderTerminate={[Function]}
    onResponderTerminationRequest={[Function]}
    onStartShouldSetResponder={[Function]}
    style={
      Object {
        "alignContent": "center",
        "backgroundColor": "#53a1e8",
        "borderRadius": 50,
        "height": 50,
        "justifyContent": "center",
        "opacity": 1,
        "width": 50,
      }
    }
  >
    <Text>
      -
    </Text>
  </View>
</View>
`;
